// Jest Snapshot v1, https://goo.gl/fbAQLP

exports[`<Header />  snapshot test 1`] = `
<View>
  <Text>
    hi!
  </Text>
</View>
`;
